// Jest Snapshot v1, https://goo.gl/fbAQLP

exports[`renders correctly 1`] = `
<View
  accessible={true}
  isTVSelectable={true}
  onResponderGrant={[Function]}
  onResponderMove={[Function]}
  onResponderRelease={[Function]}
  onResponderTerminate={[Function]}
  onResponderTerminationRequest={[Function]}
  onStartShouldSetResponder={[Function]}
  style={
    Object {
      "height": 64,
      "opacity": 1,
      "width": 64,
    }
  }
>
  <View
    style={
      Array [
        Object {
          "alignItems": "center",
          "borderRadius": 1000,
          "justifyContent": "center",
          "overflow": "hidden",
        },
        Object {
          "backgroundColor": "#158cba",
        },
        Object {
          "height": 64,
          "width": 64,
        },
      ]
    }
  />
</View>
`;
