// Jest Snapshot v1, https://goo.gl/fbAQLP

exports[`renders correctly 1`] = `
<View
  accessibilityRole="button"
  accessible={true}
  isTVSelectable={true}
  onResponderGrant={[Function]}
  onResponderMove={[Function]}
  onResponderRelease={[Function]}
  onResponderTerminate={[Function]}
  onResponderTerminationRequest={[Function]}
  onStartShouldSetResponder={[Function]}
  style={
    Object {
      "opacity": 1,
    }
  }
>
  <View
    style={
      Array [
        Object {
          "alignItems": "center",
          "borderWidth": 1,
          "justifyContent": "center",
          "overflow": "hidden",
        },
        Object {
          "borderRadius": 4,
        },
        Object {
          "paddingHorizontal": 16,
          "paddingVertical": 12,
        },
        Object {
          "backgroundColor": "#158cba",
          "borderColor": "#158cba",
        },
        undefined,
        Object {},
      ]
    }
  >
    <Text>
      Lorem ipsum
    </Text>
  </View>
</View>
`;
